###############################################################################
#
# IAR ELF Linker V9.10.1.308/W64 for ARM                  23/Nov/2021  15:10:05
# Copyright 2007-2021 IAR Systems AB.
#
#    Output file  =
#        C:\gitdata\efm32gg-bootloader-uart\projects\efm32gg-bootloader-uart\code\iar\debug\exe\efm32gg-bootloader-uart.out
#    Map file     =
#        C:\gitdata\efm32gg-bootloader-uart\projects\efm32gg-bootloader-uart\code\iar\debug\list\efm32gg-bootloader-uart.map
#    Command line =
#        -f
#        C:\gitdata\efm32gg-bootloader-uart\projects\efm32gg-bootloader-uart\code\iar\debug\list\efm32gg-bootloader-uart.map.rsp
#        (C:\gitdata\efm32gg-bootloader-uart\projects\efm32gg-bootloader-uart\code\iar\debug\obj\decryption\aes_ctr_128.o
#        C:\gitdata\efm32gg-bootloader-uart\projects\efm32gg-bootloader-uart\code\iar\debug\obj\bootloader\autobaud.o
#        C:\gitdata\efm32gg-bootloader-uart\projects\efm32gg-bootloader-uart\code\iar\debug\obj\bootloader\boot.o
#        C:\gitdata\efm32gg-bootloader-uart\projects\efm32gg-bootloader-uart\code\iar\debug\obj\bootloader\bootloader.o
#        C:\gitdata\efm32gg-bootloader-uart\projects\efm32gg-bootloader-uart\code\iar\debug\obj\bootloader\crc.o
#        C:\gitdata\efm32gg-bootloader-uart\projects\efm32gg-bootloader-uart\code\iar\debug\obj\bootloader\debug.o
#        C:\gitdata\efm32gg-bootloader-uart\projects\efm32gg-bootloader-uart\code\iar\debug\obj\bootloader\debuglock.o
#        C:\gitdata\efm32gg-bootloader-uart\projects\efm32gg-bootloader-uart\code\iar\debug\obj\emlib\em_aes.o
#        C:\gitdata\efm32gg-bootloader-uart\projects\efm32gg-bootloader-uart\code\iar\debug\obj\emlib\em_cmu.o
#        C:\gitdata\efm32gg-bootloader-uart\projects\efm32gg-bootloader-uart\code\iar\debug\obj\emlib\em_emu.o
#        C:\gitdata\efm32gg-bootloader-uart\projects\efm32gg-bootloader-uart\code\iar\debug\obj\emlib\em_system.o
#        C:\gitdata\efm32gg-bootloader-uart\projects\efm32gg-bootloader-uart\code\iar\debug\obj\bootloader\flash.o
#        C:\gitdata\efm32gg-bootloader-uart\projects\efm32gg-bootloader-uart\code\iar\debug\obj\bootloader\iarwrite.o
#        C:\gitdata\efm32gg-bootloader-uart\projects\efm32gg-bootloader-uart\code\iar\debug\obj\bootloader\startup_efm32.o
#        C:\gitdata\efm32gg-bootloader-uart\projects\efm32gg-bootloader-uart\code\iar\debug\obj\bootloader\usart.o
#        C:\gitdata\efm32gg-bootloader-uart\projects\efm32gg-bootloader-uart\code\iar\debug\obj\common\Version.o
#        C:\gitdata\efm32gg-bootloader-uart\projects\efm32gg-bootloader-uart\code\iar\debug\obj\bootloader\xmodem.o
#        --redirect _Printf=_PrintfFullNoMb --redirect _Scanf=_ScanfFullNoMb
#        --no_out_extension -o
#        C:\gitdata\efm32gg-bootloader-uart\projects\efm32gg-bootloader-uart\code\iar\debug\exe\efm32gg-bootloader-uart.out
#        --map
#        C:\gitdata\efm32gg-bootloader-uart\projects\efm32gg-bootloader-uart\code\iar\debug\list\efm32gg-bootloader-uart.map
#        --config
#        C:\gitdata\efm32gg-bootloader-uart\projects\efm32gg-bootloader-uart\code\iar\iar_linker_files\EFM32GG230F512.icf
#        --entry __iar_program_start --vfe --text_out locale)
#
###############################################################################

*******************************************************************************
*** RUNTIME MODEL ATTRIBUTES
***

CppFlavor       = *
__SystemLibrary = DLib
__dlib_version  = 6


*******************************************************************************
*** HEAP SELECTION
***

The basic heap was selected because no calls to memory allocation
functions were found in the application outside of system library
functions, and there are calls to deallocation functions in the
application.


*******************************************************************************
*** PLACEMENT SUMMARY
***

"A0":  place at address 0x1000 { ro section .intvec };
"P1":  place in [from 0x1000 to 0x7'ffff] { ro };
define block CSTACK with size = 1K, alignment = 8 { };
define block HEAP with size = 2K, alignment = 8 { };
"P2":  place in [from 0x2000'0000 to 0x2001'ffff] {
          rw, block CSTACK, block HEAP };
initialize by copy { rw };
keep { section .intvec };

  Section            Kind         Address    Size  Object
  -------            ----         -------    ----  ------
"A0":                                         0x8
  .intvec            ro code       0x1000     0x8  startup_efm32.o [1]
                                 - 0x1008     0x8

"P1":                                      0x2c9b
  .text              ro code       0x1008   0xf16  xprintffull_nomb.o [5]
  .text              ro code       0x1f1e    0x76  lz77_init_single.o [7]
  .text              ro code       0x1f94    0x16  strchr.o [7]
  .text              ro code       0x1fac    0x40  xfail_s.o [5]
  .text              ro code       0x1fec    0x36  strlen.o [7]
  .text              ro code       0x2024    0x58  memchr.o [7]
  .text              ro code       0x207c    0xa6  ABImemcpy.o [7]
  .text              ro code       0x2124    0x70  frexp.o [6]
  .text              ro code       0x2194    0x34  DblCmpLe.o [6]
  .text              ro code       0x21c8    0x34  DblCmpGe.o [6]
  .text              ro code       0x21fc   0x13a  ldexp.o [6]
  .text              ro code       0x2338    0x36  DblToS32.o [6]
  .text              ro code       0x2370    0x22  S32ToDbl.o [6]
  .text              ro code       0x2394   0x24e  DblAddSub.o [6]
  .text              ro code       0x25e4   0x246  DblDiv.o [6]
  .text              ro code       0x282c    0x22  DblToU32.o [6]
  .text              ro code       0x2850    0x1c  U32ToDbl.o [6]
  .text              ro code       0x286c   0x1aa  DblMul.o [6]
  .text              ro code       0x2a18   0x230  I64DivMod.o [7]
  .text              ro code       0x2c48     0x6  abort.o [5]
  .text              ro code       0x2c50     0x2  I64DivZer.o [7]
  .text              ro code       0x2c54     0x2  startup_efm32.o [1]
  Veneer             ro code       0x2c58     0x8  - Linker created -
  Veneer             ro code       0x2c60     0x8  - Linker created -
  Veneer             ro code       0x2c68     0x8  - Linker created -
  Veneer             ro code       0x2c70     0x8  - Linker created -
  .text              ro code       0x2c78   0x380  bootloader.o [1]
  .text              ro code       0x2ff8    0x28  printf.o [5]
  .text              ro code       0x3020    0x3c  boot.o [1]
  .text              ro code       0x305c    0x94  debug.o [1]
  .text              ro code       0x30f0   0x120  autobaud.o [1]
  .text              ro code       0x3210    0x20  usart.o [1]
  .text              ro code       0x3230    0x38  flash.o [1]
  .text              ro code       0x3268    0xa4  aes_ctr_128.o [3]
  .text              ro code       0x330c    0x38  zero_init3.o [7]
  .text              ro code       0x3344    0x36  iarwrite.o [1]
  .text              ro code       0x337c    0x30  em_aes.o [4]
  .rodata            const         0x33ac    0x28  bootloader.o [1]
  .rodata            const         0x33d4    0x28  bootloader.o [1]
  .text              ro code       0x33fc    0x28  data_init.o [7]
  .rodata            const         0x3424    0x24  boot.o [1]
  .rodata            const         0x3448    0x24  bootloader.o [1]
  .iar.init_table    const         0x346c    0x20  - Linker created -
  .rodata            const         0x348c    0x20  bootloader.o [1]
  .rodata            const         0x34ac    0x20  bootloader.o [1]
  .text              ro code       0x34cc    0x20  putchar.o [5]
  .text              ro code       0x34ec    0x1e  cmain.o [7]
  .text              ro code       0x350a     0x4  low_level_init.o [5]
  .text              ro code       0x3510    0x1c  cstartup_M.o [7]
  .rodata            const         0x352c    0x18  bootloader.o [1]
  .rodata            const         0x3544    0x18  bootloader.o [1]
  .text              ro code       0x355c    0x16  xprout.o [5]
  .rodata            const         0x3574    0x10  bootloader.o [1]
  BUILD_VERSION      const         0x3584     0x8  Version.o [2]
  .rodata            const         0x358c     0x0  zero_init3.o [7]
  .rodata            const         0x358c     0x0  lz77_init_single.o [7]
  Initializer bytes  const         0x358c   0x717  <for P2-1>
                                 - 0x3ca3  0x2c9b

Absolute sections, part 1 of 2:              0xbe
  .noinit            uninit   0x2000'0000    0xbc  bootloader.o [1]
  .noinit            uninit   0x2000'00bc     0x2  bootloader.o [1]
                            - 0x2000'00be    0xbe

Absolute sections, part 2 of 2:              0x10
  .noinit            uninit   0x2000'0100    0x10  flash.o [1]
                            - 0x2000'0110    0x10

"P2", part 1 of 3:                          0x806
  P2-1                        0x2000'0110   0x806  <Init block>
    .data            inited   0x2000'0110     0x8  bootloader.o [1]
    .data            inited   0x2000'0118     0x4  bootloader.o [1]
    .data            inited   0x2000'011c     0xc  bootloader.o [1]
    .data            inited   0x2000'0128     0x8  bootloader.o [1]
    .data            inited   0x2000'0130     0xc  bootloader.o [1]
    .data            inited   0x2000'013c     0x8  bootloader.o [1]
    .data            inited   0x2000'0144     0xc  bootloader.o [1]
    .data            inited   0x2000'0150    0x10  bootloader.o [1]
    .data            inited   0x2000'0160    0x18  debuglock.o [1]
    .data            inited   0x2000'0178    0x10  xmodem.o [1]
    .textrw          inited   0x2000'0188    0xe4  aes_ctr_128.o [3]
    .textrw          inited   0x2000'026c    0xb0  boot.o [1]
    .textrw          inited   0x2000'031c   0x1bc  bootloader.o [1]
    .textrw          inited   0x2000'04d8    0x58  debuglock.o [1]
    .textrw          inited   0x2000'0530    0x64  debuglock.o [1]
    .textrw          inited   0x2000'0594    0xd4  flash.o [1]
    .textrw          inited   0x2000'0668    0x86  usart.o [1]
    .textrw          inited   0x2000'06f0   0x194  xmodem.o [1]
    .textrw          inited   0x2000'0884    0x36  crc.o [1]
    .textrw          inited   0x2000'08ba    0x5c  xmodem.o [1]
                            - 0x2000'0916   0x806

"P2", part 2 of 3:                          0x174
  .bss               zero     0x2000'0918   0x110  xmodem.o [1]
  .bss               zero     0x2000'0a28    0x18  bootloader.o [1]
  .bss               zero     0x2000'0a40    0x14  autobaud.o [1]
  .bss               zero     0x2000'0a54    0x10  xmodem.o [1]
  .bss               zero     0x2000'0a64     0x4  aes_ctr_128.o [3]
  .bss               zero     0x2000'0a68     0x4  aes_ctr_128.o [3]
  .bss               zero     0x2000'0a6c     0x4  aes_ctr_128.o [3]
  .bss               zero     0x2000'0a70     0x4  aes_ctr_128.o [3]
  .bss               zero     0x2000'0a74     0x4  autobaud.o [1]
  .bss               zero     0x2000'0a78     0x4  bootloader.o [1]
  .bss               zero     0x2000'0a7c     0x4  bootloader.o [1]
  .bss               zero     0x2000'0a80     0x4  xfail_s.o [5]
  .bss               zero     0x2000'0a84     0x2  aes_ctr_128.o [3]
  .bss               zero     0x2000'0a86     0x2  aes_ctr_128.o [3]
  .bss               zero     0x2000'0a88     0x1  aes_ctr_128.o [3]
  .bss               zero     0x2000'0a89     0x1  boot.o [1]
  .bss               zero     0x2000'0a8a     0x1  bootloader.o [1]
                            - 0x2000'0a8b   0x173

"P2", part 3 of 3:                          0x400
  CSTACK                      0x2000'0a90   0x400  <Block>
    CSTACK           uninit   0x2000'0a90   0x400  <Block tail>
                            - 0x2000'0e90   0x400

Unused ranges:

         From           To      Size
         ----           --      ----
       0x3ca3     0x7'ffff  0x7'c35d
  0x2000'00be  0x2000'00ff      0x42
  0x2000'0916  0x2000'0917       0x2
  0x2000'0a8c  0x2000'0a8f       0x4
  0x2000'0e90  0x2001'ffff  0x1'f170


*******************************************************************************
*** INIT TABLE
***

          Address      Size
          -------      ----
Zero (__iar_zero_init3)
    1 destination range, total size 0x173:
          0x2000'0918  0x173

Copy/lz77 (__iar_lz77_init_single3)
    1 source range, total size 0x717 (88% of destination):
               0x358c  0x717
    1 destination range, total size 0x806:
          0x2000'0110  0x806



*******************************************************************************
*** MODULE SUMMARY
***

    Module              ro code  rw code  ro data  rw data  rw data
                                                             (abs)
    ------              -------  -------  -------  -------  -------
command line/config:
    ---------------------------------------------------------------
    Total:

C:\gitdata\efm32gg-bootloader-uart\projects\efm32gg-bootloader-uart\code\iar\debug\obj\bootloader: [1]
    autobaud.o              288                         24
    boot.o                   60      176      192        1
    bootloader.o            896      444      706      113      190
    crc.o                             54       48
    debug.o                 148
    debuglock.o                      188      187       24
    flash.o                  56      212      187                16
    iarwrite.o               54
    startup_efm32.o          10
    usart.o                  32      134      119
    xmodem.o                         496      455      304
    ---------------------------------------------------------------
    Total:                1'544    1'704    1'894      466      206

C:\gitdata\efm32gg-bootloader-uart\projects\efm32gg-bootloader-uart\code\iar\debug\obj\common: [2]
    Version.o                                   8
    ---------------------------------------------------------------
    Total:                                      8

C:\gitdata\efm32gg-bootloader-uart\projects\efm32gg-bootloader-uart\code\iar\debug\obj\decryption: [3]
    aes_ctr_128.o           164      228      201       21
    ---------------------------------------------------------------
    Total:                  164      228      201       21

C:\gitdata\efm32gg-bootloader-uart\projects\efm32gg-bootloader-uart\code\iar\debug\obj\emlib: [4]
    em_aes.o                 48
    ---------------------------------------------------------------
    Total:                   48

dl7M_tln.a: [5]
    abort.o                   6
    low_level_init.o          4
    printf.o                 40
    putchar.o                32
    xfail_s.o                64                          4
    xprintffull_nomb.o    3'862
    xprout.o                 22
    ---------------------------------------------------------------
    Total:                4'030                          4

m7M_tl.a: [6]
    DblAddSub.o             590
    DblCmpGe.o               52
    DblCmpLe.o               52
    DblDiv.o                582
    DblMul.o                426
    DblToS32.o               54
    DblToU32.o               34
    S32ToDbl.o               34
    U32ToDbl.o               28
    frexp.o                 112
    ldexp.o                 314
    ---------------------------------------------------------------
    Total:                2'278

rt7M_tl.a: [7]
    ABImemcpy.o             166
    I64DivMod.o             560
    I64DivZer.o               2
    cmain.o                  30
    cstartup_M.o             28
    data_init.o              40
    lz77_init_single.o      118
    memchr.o                 88
    strchr.o                 22
    strlen.o                 54
    zero_init3.o             56
    ---------------------------------------------------------------
    Total:                1'164

    Gaps                     30        2        2
    Linker created           32                32    1'024
-------------------------------------------------------------------
    Grand Total:          9'290    1'934    2'137    1'515      206


*******************************************************************************
*** ENTRY LIST
***

Entry                       Address   Size  Type      Object
-----                       -------   ----  ----      ------
.iar.init_table$$Base        0x346c          --   Gb  - Linker created -
.iar.init_table$$Limit       0x348c          --   Gb  - Linker created -
?main                        0x34ed         Code  Gb  cmain.o [7]
AES_CTRUpdate32Bit           0x337d   0x30  Code  Gb  em_aes.o [4]
AES_IRQHandler               0x3269   0xa4  Code  Gb  aes_ctr_128.o [3]
AUTOBAUD_estimatePeriod
                             0x311b   0x6a  Code  Gb  autobaud.o [1]
AUTOBAUD_sync                0x3185   0x56  Code  Gb  autobaud.o [1]
AesCtr128               0x2000'0189   0xa8  Code  Gb  aes_ctr_128.o [3]
AesFinished             0x2000'0231    0x6  Code  Gb  aes_ctr_128.o [3]
BOOT_boot               0x2000'0279   0x6e  Code  Gb  boot.o [1]
BOOT_checkFirmwareIsValid
                             0x3021   0x3c  Code  Gb  boot.o [1]
BOOT_jump               0x2000'026d    0xc  Code  Gb  boot.o [1]
CONFIG_DebugGpioSetup        0x305d   0x12  Code  Lc  debug.o [1]
CONFIG_UsartGpioSetup        0x2cbd   0x12  Code  Lc  bootloader.o [1]
CRC_calc                0x2000'0885   0x36  Code  Gb  crc.o [1]
CSTACK$$Base            0x2000'0a90          --   Gb  - Linker created -
CSTACK$$Limit           0x2000'0e90          --   Gb  - Linker created -
DEBUGLOCK_lock          0x2000'0565   0x1e  Code  Gb  debuglock.o [1]
DEBUGLOCK_startDebugInterface
                        0x2000'0531   0x34  Code  Gb  debuglock.o [1]
DEBUG_TxBuf                  0x30d5   0x1c  Code  Gb  debug.o [1]
DEBUG_TxByte                 0x30a1   0x14  Code  Gb  debug.o [1]
DEBUG_init                   0x306f   0x32  Code  Gb  debug.o [1]
FLASH_eraseOneBlock     0x2000'060f   0x3a  Code  Gb  flash.o [1]
FLASH_init                   0x3231   0x38  Code  Gb  flash.o [1]
FLASH_writeBlock        0x2000'05bb   0x54  Code  Gb  flash.o [1]
FLASH_writeWord         0x2000'0595   0x26  Code  Gb  flash.o [1]
PrintIdOnUart           0x2000'033f   0x2c  Code  Lc  bootloader.o [1]
RTC_IRQHandler               0x2ccf   0x1e  Code  Gb  bootloader.o [1]
Region$$Table$$Base          0x346c          --   Gb  - Linker created -
Region$$Table$$Limit         0x348c          --   Gb  - Linker created -
TIMER_IRQHandler             0x30f1   0x2a  Code  Gb  autobaud.o [1]
USART_init                   0x3211   0x20  Code  Gb  usart.o [1]
USART_printHex          0x2000'0669   0x2c  Code  Gb  usart.o [1]
USART_printString       0x2000'06d9   0x16  Code  Gb  usart.o [1]
USART_rxByte            0x2000'0695   0x20  Code  Gb  usart.o [1]
USART_txByte            0x2000'06b5   0x12  Code  Gb  usart.o [1]
XMODEM_download         0x2000'06f1  0x194  Code  Gb  xmodem.o [1]
XMODEM_verifyPacketChecksum
                        0x2000'08bb   0x5c  Code  Gb  xmodem.o [1]
_DEBUGLOCK_driveBit     0x2000'04d9   0x58  Code  Gb  debuglock.o [1]
_DEBUGLOCK_swData       0x2000'0160   0x18  Data  Gb  debuglock.o [1]
_LitobFullNoMb               0x1d25  0x10c  Code  Lc  xprintffull_nomb.o [5]
_PrintfFullNoMb              0x1009  0xcec  Code  Gb  xprintffull_nomb.o [5]
_Prout                       0x355d   0x16  Code  Gb  xprout.o [5]
_PutcharFullNoMb             0x1e89   0x20  Code  Lc  xprintffull_nomb.o [5]
_PutcharsFullNoMb            0x1ea9   0x2e  Code  Lc  xprintffull_nomb.o [5]
__NVIC_DisableIRQ            0x2c97   0x26  Code  Lc  bootloader.o [1]
__NVIC_EnableIRQ             0x2c79   0x1e  Code  Lc  bootloader.o [1]
__Vectors                    0x1000          --   Gb  startup_efm32.o [1]
__Vectors_End                0x1008         Data  Gb  startup_efm32.o [1]
__Vectors_Size {Abs}            0x8          --   Gb  startup_efm32.o [1]
__aeabi_cdcmple              0x2195         Code  Gb  DblCmpLe.o [6]
__aeabi_cdrcmple             0x21c9         Code  Gb  DblCmpGe.o [6]
__aeabi_d2iz                 0x2339         Code  Gb  DblToS32.o [6]
__aeabi_d2uiz                0x282d         Code  Gb  DblToU32.o [6]
__aeabi_ddiv                 0x25e5         Code  Gb  DblDiv.o [6]
__aeabi_dmul                 0x286d         Code  Gb  DblMul.o [6]
__aeabi_dsub                 0x2501         Code  Gb  DblAddSub.o [6]
__aeabi_i2d                  0x2371         Code  Gb  S32ToDbl.o [6]
__aeabi_ldiv0                0x2c51         Code  Gb  I64DivZer.o [7]
__aeabi_memcpy               0x207d         Code  Gb  ABImemcpy.o [7]
__aeabi_memcpy4              0x209d         Code  Gb  ABImemcpy.o [7]
__aeabi_memcpy8              0x209d         Code  Gb  ABImemcpy.o [7]
__aeabi_ui2d                 0x2851         Code  Gb  U32ToDbl.o [6]
__aeabi_uldivmod             0x2a19         Code  Gb  I64DivMod.o [7]
__cmain                      0x34ed         Code  Gb  cmain.o [7]
__exit                       0x2c55         Code  Gb  startup_efm32.o [1]
__iar_Fail_s                 0x1fad   0x1c  Code  Gb  xfail_s.o [5]
__iar_Memchr                 0x2025         Code  Gb  memchr.o [7]
__iar_Strchr                 0x1f95         Code  Gb  strchr.o [7]
__iar_data_init3             0x33fd   0x28  Code  Gb  data_init.o [7]
__iar_frexp                  0x2131         Code  Gb  frexp.o [6]
__iar_frexp64                0x2125         Code  Gb  frexp.o [6]
__iar_frexpl                 0x2131         Code  Gb  frexp.o [6]
__iar_ldexp64                0x21fd         Code  Gb  ldexp.o [6]
__iar_lz77_init_single3
                             0x1f1f   0x76  Code  Gb  lz77_init_single.o [7]
__iar_program_start          0x3511         Code  Gb  cstartup_M.o [7]
__iar_scalbln64              0x21fd         Code  Gb  ldexp.o [6]
__iar_scalbn64               0x21fd         Code  Gb  ldexp.o [6]
__iar_zero_init3             0x330d   0x38  Code  Gb  zero_init3.o [7]
__low_level_init             0x350b    0x4  Code  Gb  low_level_init.o [5]
__vector_table               0x1000         Data  Gb  startup_efm32.o [1]
__write                      0x3345   0x36  Code  Gb  iarwrite.o [1]
_call_main                   0x34f9         Code  Gb  cmain.o [7]
_exit                        0x2c55         Code  Gb  startup_efm32.o [1]
abort                        0x2c49    0x6  Code  Gb  abort.o [5]
aesFinished             0x2000'0a88    0x1  Data  Lc  aes_ctr_128.o [3]
blockIndex              0x2000'0a86    0x2  Data  Lc  aes_ctr_128.o [3]
bootloaderCRC           0x2000'00bc    0x2  Data  Gb  bootloader.o [1]
chipID                  0x2000'0144    0xc  Data  Gb  bootloader.o [1]
commandlineLoop         0x2000'0397   0xfa  Code  Gb  bootloader.o [1]
counterValue            0x2000'0a54   0x10  Data  Lc  xmodem.o [1]
crcString               0x2000'0110    0x8  Data  Gb  bootloader.o [1]
createBuildVersionArray
                             0x2d91   0xd0  Code  Lc  bootloader.o [1]
ctrFuncG                0x2000'0a70    0x4  Data  Lc  aes_ctr_128.o [3]
ctrG                    0x2000'0a6c    0x4  Data  Lc  aes_ctr_128.o [3]
currentSample           0x2000'0a74    0x4  Data  Gb  autobaud.o [1]
debugLock               0x2000'036b   0x2c  Code  Gb  bootloader.o [1]
debugLock::debugActiveMsg
                        0x2000'0150   0x10  Data  Lc  bootloader.o [1]
decryptionKey           0x2000'0178   0x10  Data  Lc  xmodem.o [1]
descr                   0x2000'0100   0x10  Data  Gb  flash.o [1]
exit                         0x2c55         Code  Gb  startup_efm32.o [1]
failString              0x2000'0130    0xc  Data  Gb  bootloader.o [1]
flashSize               0x2000'0a78    0x4  Data  Gb  bootloader.o [1]
frexp                        0x2125         Code  Gb  frexp.o [6]
frexpl                       0x2125         Code  Gb  frexp.o [6]
generateVectorTable          0x2d6b   0x26  Code  Lc  bootloader.o [1]
inputDataG              0x2000'0a68    0x4  Data  Lc  aes_ctr_128.o [3]
ldexp                        0x21fd         Code  Gb  ldexp.o [6]
ldexpl                       0x21fd         Code  Gb  ldexp.o [6]
main                         0x2e61   0xe6  Code  Gb  bootloader.o [1]
memchr                       0x2025         Code  Gb  memchr.o [7]
newLineString           0x2000'0118    0x4  Data  Gb  bootloader.o [1]
numberOfBlocks          0x2000'0a84    0x2  Data  Lc  aes_ctr_128.o [3]
okString                0x2000'0128    0x8  Data  Gb  bootloader.o [1]
outputDataG             0x2000'0a64    0x4  Data  Lc  aes_ctr_128.o [3]
printVersion            0x2000'0a28   0x18  Data  Lc  bootloader.o [1]
printedPC               0x2000'0a89    0x1  Data  Gb  boot.o [1]
printf                       0x2ff9   0x28  Code  Gb  printf.o [5]
putchar                      0x34cd   0x20  Code  Gb  putchar.o [5]
rawPacket               0x2000'0918  0x110  Data  Lc  xmodem.o [1]
readyString             0x2000'011c    0xc  Data  Gb  bootloader.o [1]
resetEFM32onRTCTimeout  0x2000'0a8a    0x1  Data  Gb  bootloader.o [1]
samples                 0x2000'0a40   0x14  Data  Gb  autobaud.o [1]
scalbln                      0x21fd         Code  Gb  ldexp.o [6]
scalblnl                     0x21fd         Code  Gb  ldexp.o [6]
scalbn                       0x21fd         Code  Gb  ldexp.o [6]
scalbnl                      0x21fd         Code  Gb  ldexp.o [6]
scale                        0x1e31   0x46  Code  Lc  xprintffull_nomb.o [5]
sec_hand                0x2000'0a80    0x4  Data  Lc  xfail_s.o [5]
stBuildVersion               0x3584    0x8  Data  Gb  Version.o [2]
strchr                       0x1f95         Code  Gb  strchr.o [7]
strlen                       0x1fed         Code  Gb  strlen.o [7]
unknownString           0x2000'013c    0x8  Data  Gb  bootloader.o [1]
vectorTable             0x2000'0000   0xbc  Data  Gb  bootloader.o [1]
verify                  0x2000'031d   0x22  Code  Gb  bootloader.o [1]
versionDigit            0x2000'0a7c    0x4  Data  Lc  bootloader.o [1]
waitForBootOrUSART           0x2ced   0x7e  Code  Lc  bootloader.o [1]


[1] = C:\gitdata\efm32gg-bootloader-uart\projects\efm32gg-bootloader-uart\code\iar\debug\obj\bootloader
[2] = C:\gitdata\efm32gg-bootloader-uart\projects\efm32gg-bootloader-uart\code\iar\debug\obj\common
[3] = C:\gitdata\efm32gg-bootloader-uart\projects\efm32gg-bootloader-uart\code\iar\debug\obj\decryption
[4] = C:\gitdata\efm32gg-bootloader-uart\projects\efm32gg-bootloader-uart\code\iar\debug\obj\emlib
[5] = dl7M_tln.a
[6] = m7M_tl.a
[7] = rt7M_tl.a

  9'290 bytes of readonly  code memory
  1'934 bytes of readwrite code memory
  2'137 bytes of readonly  data memory
  1'515 bytes of readwrite data memory (+ 206 absolute)

Errors: none
Warnings: none
